../Core/Src/main.c:69:6:PC_Send	16	static
../Core/Src/main.c:74:5:ParseInt	16	static
../Core/Src/main.c:80:6:SendFeedbackToPC	72	static
../Core/Src/main.c:105:6:CheckForCommand	16	static
../Core/Src/main.c:124:6:ProcessCommand	232	static
../Core/Src/main.c:272:6:Cmd_PosAll	32	static
../Core/Src/main.c:287:6:Cmd_Pos	32	static
../Core/Src/main.c:299:6:Cmd_SpeedAll	24	static
../Core/Src/main.c:310:6:Cmd_Speed	24	static
../Core/Src/main.c:318:6:Cmd_Wheel	16	static
../Core/Src/main.c:326:6:Cmd_Servo	16	static
../Core/Src/main.c:334:6:Cmd_Torque	24	static
../Core/Src/main.c:345:6:Cmd_Stop	16	static
../Core/Src/main.c:361:5:main	8	static
../Core/Src/main.c:414:6:SystemClock_Config	72	static
../Core/Src/main.c:441:6:Error_Handler	4	static,ignoring_inline_asm
