../Core/Src/sts3215.c:25:6:STS3215_Init	16	static
../Core/Src/sts3215.c:34:6:STS3215_SetLevel	16	static
../Core/Src/sts3215.c:44:13:Host2SCS	24	static
../Core/Src/sts3215.c:56:12:SCS2Host	24	static
../Core/Src/sts3215.c:72:13:FlushRx	24	static
../Core/Src/sts3215.c:80:13:WriteBuf	40	static
../Core/Src/sts3215.c:117:12:CheckHead	24	static
../Core/Src/sts3215.c:143:12:Ack	24	static
../Core/Src/sts3215.c:177:5:STS3215_GenWrite	32	static
../Core/Src/sts3215.c:184:5:STS3215_RegWrite	32	static
../Core/Src/sts3215.c:191:5:STS3215_RegWriteAction	24	static
../Core/Src/sts3215.c:198:5:STS3215_WriteByte	24	static
../Core/Src/sts3215.c:205:5:STS3215_WriteWord	32	static
../Core/Src/sts3215.c:214:5:STS3215_Read	40	static
../Core/Src/sts3215.c:253:5:STS3215_ReadByte	32	static
../Core/Src/sts3215.c:263:5:STS3215_ReadWord	32	static
../Core/Src/sts3215.c:277:5:STS3215_WritePosEx	40	static
../Core/Src/sts3215.c:293:5:STS3215_RegWritePosEx	40	static
../Core/Src/sts3215.c:309:6:STS3215_SyncWritePosEx	80	dynamic
../Core/Src/sts3215.c:366:5:STS3215_WheelMode	16	static
../Core/Src/sts3215.c:371:5:STS3215_ServoMode	16	static
../Core/Src/sts3215.c:376:5:STS3215_WriteSpe	32	static
../Core/Src/sts3215.c:396:5:STS3215_EnableTorque	16	static
../Core/Src/sts3215.c:405:5:STS3215_UnLockEprom	16	static
../Core/Src/sts3215.c:410:5:STS3215_LockEprom	16	static
../Core/Src/sts3215.c:419:5:STS3215_CalibrationOfs	16	static
../Core/Src/sts3215.c:428:5:STS3215_Ping	32	static
../Core/Src/sts3215.c:459:5:STS3215_FeedBack	64	static
../Core/Src/sts3215.c:507:5:STS3215_ReadPos	24	static
../Core/Src/sts3215.c:519:5:STS3215_ReadSpeed	24	static
../Core/Src/sts3215.c:531:5:STS3215_ReadLoad	24	static
../Core/Src/sts3215.c:543:5:STS3215_ReadVoltage	16	static
../Core/Src/sts3215.c:548:5:STS3215_ReadTemper	16	static
../Core/Src/sts3215.c:553:5:STS3215_ReadMove	16	static
../Core/Src/sts3215.c:558:5:STS3215_ReadCurrent	24	static
../Core/Src/sts3215.c:570:5:STS3215_ReadMode	16	static
../Core/Src/sts3215.c:579:5:STS3215_SetID	24	static
../Core/Src/sts3215.c:587:5:STS3215_SetBaudRate	24	static
